2024-10-01 08:21:48,654 [INFO] Activator:176 - 


2024-10-01 08:21:48,655 [INFO] Activator:177 - !SESSION log4j initialized
2024-10-01 08:21:50,360 [INFO] LogOutputStream:77 - [STDOUT_REDIRECT] 
2024-10-01 08:21:51,683 [INFO] ApplicationProperties:184 - Using Application install path: /home/oliver/st/stm32cubeide_1.16.0/plugins/com.st.stm32cube.common.mx_6.12.0.202406281431
2024-10-01 08:21:51,702 [INFO] DbMcusXml:78 - Set database path to: /home/oliver/st/stm32cubeide_1.16.0/plugins/com.st.stm32cube.common.mx_6.12.0.202406281431//db//mcu/
2024-10-01 08:21:51,702 [INFO] ApiDb:274 - Set plugin database path to: /home/oliver/st/stm32cubeide_1.16.0/plugins/com.st.stm32cube.common.mx_6.12.0.202406281431//db//plugins/boardmanager/
2024-10-01 08:21:51,703 [WARN] ApiDb:259 - Overriding images path with different value:  => /home/oliver/st/stm32cubeide_1.16.0/plugins/com.st.stm32cube.common.mx_6.12.0.202406281431//db//plugins/mcufinder/images/
2024-10-01 08:21:51,706 [INFO] ApiDb:250 - Set database path to: /home/oliver/.stmcufinder/plugins/mcufinder//mcu/
2024-10-01 08:21:51,706 [INFO] DbMcusAds:125 - Set database path to: /home/oliver/.stmcufinder/plugins/mcufinder//mcu/
2024-10-01 08:21:51,707 [INFO] CrossReferenceDbSqlite:203 - Set database path to: /home/oliver/.stmcufinder/plugins/mcufinder//mcu/cs/
2024-10-01 08:21:51,774 [INFO] RulesReader:64 - Compatibility file has been processed (297 Rules)
2024-10-01 08:21:51,819 [INFO] DbMcusXml:78 - Set database path to: /home/oliver/st/stm32cubeide_1.16.0/plugins/com.st.stm32cube.common.mx_6.12.0.202406281431//db//mcu/
2024-10-01 08:21:51,819 [INFO] ApiDb:274 - Set plugin database path to: /home/oliver/st/stm32cubeide_1.16.0/plugins/com.st.stm32cube.common.mx_6.12.0.202406281431//db//plugins/boardmanager/
2024-10-01 08:21:51,819 [INFO] ApiDb:261 - Set plugin images path to: /home/oliver/st/stm32cubeide_1.16.0/plugins/com.st.stm32cube.common.mx_6.12.0.202406281431//db//plugins/mcufinder/images/
2024-10-01 08:21:51,819 [WARN] DbFile:41 - Overriding database path with different value: /home/oliver/.stmcufinder/plugins/mcufinder/ => /home/oliver/.stmcufinder/plugins/mcufinder
2024-10-01 08:21:51,819 [INFO] ApiDb:250 - Set database path to: /home/oliver/.stmcufinder/plugins/mcufinder//mcu/
2024-10-01 08:21:51,820 [WARN] DbFile:41 - Overriding database path with different value: /home/oliver/.stmcufinder/plugins/mcufinder/ => /home/oliver/.stmcufinder/plugins/mcufinder
2024-10-01 08:21:51,820 [INFO] DbMcusAds:125 - Set database path to: /home/oliver/.stmcufinder/plugins/mcufinder//mcu/
2024-10-01 08:21:51,820 [WARN] DbFile:41 - Overriding database path with different value: /home/oliver/.stmcufinder/plugins/mcufinder/ => /home/oliver/.stmcufinder/plugins/mcufinder
2024-10-01 08:21:51,820 [WARN] DbFile:41 - Overriding database path with different value: /home/oliver/.stmcufinder/plugins/mcufinder/ => /home/oliver/.stmcufinder/plugins/mcufinder
2024-10-01 08:21:51,820 [INFO] CrossReferenceDbSqlite:203 - Set database path to: /home/oliver/.stmcufinder/plugins/mcufinder//mcu/cs/
2024-10-01 08:21:51,871 [INFO] MainPanel:268 - HeapMemory: 268435456
2024-10-01 08:21:51,945 [INFO] DbMcusXml:78 - Set database path to: /home/oliver/st/stm32cubeide_1.16.0/plugins/com.st.stm32cube.common.mx_6.12.0.202406281431//db//mcu/
2024-10-01 08:21:51,945 [INFO] ApiDb:274 - Set plugin database path to: /home/oliver/st/stm32cubeide_1.16.0/plugins/com.st.stm32cube.common.mx_6.12.0.202406281431//db//plugins/boardmanager/
2024-10-01 08:21:51,945 [INFO] ApiDb:261 - Set plugin images path to: /home/oliver/st/stm32cubeide_1.16.0/plugins/com.st.stm32cube.common.mx_6.12.0.202406281431//db//plugins/mcufinder/images/
2024-10-01 08:21:51,946 [WARN] DbFile:41 - Overriding database path with different value: /home/oliver/.stmcufinder/plugins/mcufinder/ => /home/oliver/.stmcufinder/plugins/mcufinder
2024-10-01 08:21:51,946 [INFO] ApiDb:250 - Set database path to: /home/oliver/.stmcufinder/plugins/mcufinder//mcu/
2024-10-01 08:21:51,946 [WARN] DbFile:41 - Overriding database path with different value: /home/oliver/.stmcufinder/plugins/mcufinder/ => /home/oliver/.stmcufinder/plugins/mcufinder
2024-10-01 08:21:51,946 [INFO] DbMcusAds:125 - Set database path to: /home/oliver/.stmcufinder/plugins/mcufinder//mcu/
2024-10-01 08:21:51,946 [WARN] DbFile:41 - Overriding database path with different value: /home/oliver/.stmcufinder/plugins/mcufinder/ => /home/oliver/.stmcufinder/plugins/mcufinder
2024-10-01 08:21:51,946 [WARN] DbFile:41 - Overriding database path with different value: /home/oliver/.stmcufinder/plugins/mcufinder/ => /home/oliver/.stmcufinder/plugins/mcufinder
2024-10-01 08:21:51,946 [INFO] CrossReferenceDbSqlite:203 - Set database path to: /home/oliver/.stmcufinder/plugins/mcufinder//mcu/cs/
2024-10-01 08:21:51,956 [INFO] ApplicationProperties:184 - Using Application install path: /home/oliver/st/stm32cubeide_1.16.0/plugins/com.st.stm32cube.common.mx_6.12.0.202406281431
2024-10-01 08:21:51,956 [INFO] PluginManage:196 - Search for loadable plugins [exclusion list=, ]
2024-10-01 08:21:51,957 [INFO] PluginManage:310 - Check plugin analytics
2024-10-01 08:21:52,061 [INFO] AnalyticsPlugin:253 - Accepted Software Licenses: 
2024-10-01 08:21:52,061 [INFO] AnalyticsPlugin:255 - Accepted CMSIS Pack Licenses: 
2024-10-01 08:21:52,062 [INFO] AnalyticsPlugin:257 - Accepted Firmware Licenses: FW.G4.1.6.0
2024-10-01 08:21:52,063 [INFO] PluginManage:359 - Loaded plugin analytics (category:tool,tabindex:-1)
2024-10-01 08:21:52,064 [INFO] PluginManage:310 - Check plugin cadmodel
2024-10-01 08:21:52,066 [INFO] CADModel:105 - Init CAD model plugin
2024-10-01 08:21:52,066 [INFO] PluginManage:359 - Loaded plugin cadmodel (category:power,tabindex:5)
2024-10-01 08:21:52,067 [INFO] PluginManage:310 - Check plugin clock
2024-10-01 08:21:52,073 [INFO] PluginManage:359 - Loaded plugin clock (category:base,tabindex:2)
2024-10-01 08:21:52,073 [INFO] PluginManage:310 - Check plugin ddr
2024-10-01 08:21:52,074 [INFO] PluginManage:359 - Loaded plugin ddr (category:tool,tabindex:6)
2024-10-01 08:21:52,074 [INFO] PluginManage:310 - Check plugin filemanager
2024-10-01 08:21:52,179 [INFO] PluginManage:359 - Loaded plugin filemanager (category:base,tabindex:10)
2024-10-01 08:21:52,179 [INFO] PluginManage:310 - Check plugin ipmanager
2024-10-01 08:21:52,183 [INFO] PluginManage:359 - Loaded plugin ipmanager (category:base,tabindex:5)
2024-10-01 08:21:52,183 [INFO] PluginManage:310 - Check plugin lpbam
2024-10-01 08:21:52,190 [INFO] PluginManage:359 - Loaded plugin lpbam (category:base,tabindex:0)
2024-10-01 08:21:52,190 [INFO] PluginManage:310 - Check plugin memorymap
2024-10-01 08:21:52,197 [INFO] PluginManage:359 - Loaded plugin memorymap (category:base,tabindex:4)
2024-10-01 08:21:52,197 [INFO] PluginManage:310 - Check plugin pinoutandconfiguration
2024-10-01 08:21:52,202 [INFO] PluginManage:359 - Loaded plugin pinoutandconfiguration (category:base,tabindex:1)
2024-10-01 08:21:52,202 [INFO] PluginManage:310 - Check plugin pinoutconfig
2024-10-01 08:21:52,259 [WARN] SupportedApi:132 - Cannot load RTOS API schema: s4s-elt-must-match.1: The content of 'definitions' must match (annotation?, (simpleType | complexType)?, (unique | key | keyref)*)). A problem was found starting at: attribute.
2024-10-01 08:21:52,334 [INFO] PluginManage:359 - Loaded plugin pinoutconfig (category:base,tabindex:0)
2024-10-01 08:21:52,334 [INFO] PluginManage:310 - Check plugin power
2024-10-01 08:21:52,339 [INFO] PluginManage:359 - Loaded plugin power (category:power,tabindex:4)
2024-10-01 08:21:52,339 [INFO] PluginManage:310 - Check plugin projectmanager
2024-10-01 08:21:52,351 [INFO] PluginManage:359 - Loaded plugin projectmanager (category:projectmanager,tabindex:4)
2024-10-01 08:21:52,351 [INFO] PluginManage:310 - Check plugin rif
2024-10-01 08:21:52,354 [INFO] PluginManage:359 - Loaded plugin rif (category:base,tabindex:3)
2024-10-01 08:21:52,354 [INFO] PluginManage:310 - Check plugin thirdparty
2024-10-01 08:21:52,425 [INFO] PluginManage:359 - Loaded plugin thirdparty (category:base,tabindex:-1)
2024-10-01 08:21:52,425 [INFO] PluginManage:310 - Check plugin tools
2024-10-01 08:21:52,425 [WARN] IntegrityCheckThread:84 - waiting for thirdparty lock release [integrity check]
2024-10-01 08:21:52,426 [INFO] IntegrityCheckThread:86 - entering critical section [integrity check]
2024-10-01 08:21:52,426 [INFO] ThirdPartyUpdaterWithRetryManager:70 - Updater plugin not ready yet. [1/15]
2024-10-01 08:21:52,427 [INFO] PluginManage:359 - Loaded plugin tools (category:base,tabindex:7)
2024-10-01 08:21:52,427 [INFO] PluginManage:310 - Check plugin tutovideos
2024-10-01 08:21:52,527 [INFO] PluginManage:359 - Loaded plugin tutovideos (category:base,tabindex:-1)
2024-10-01 08:21:52,527 [INFO] PluginManage:310 - Check plugin updater
2024-10-01 08:21:52,540 [INFO] PluginManage:359 - Loaded plugin updater (category:base,tabindex:12)
2024-10-01 08:21:52,540 [INFO] PluginManage:310 - Check plugin userauth
2024-10-01 08:21:52,543 [INFO] UserAuth:113 - Init User Auth plugin
2024-10-01 08:21:52,544 [INFO] PluginManage:359 - Loaded plugin userauth (category:base,tabindex:14)
2024-10-01 08:21:52,544 [INFO] PluginManage:283 - PluginManage : Loaded plugins [18]
2024-10-01 08:21:52,651 [INFO] PinOutPanel:1561 - setPackage(No Configuration,No Configuration)
2024-10-01 08:21:52,703 [INFO] CADModel:165 - CPN selected for project level
2024-10-01 08:21:52,703 [INFO] CADModel:114 - Register for checkConnection events
2024-10-01 08:21:52,713 [INFO] IPUIPlugin:80 - create IPUIPlugin
2024-10-01 08:21:52,713 [INFO] PluginManager:220 - loadIPPluginJar : add fmc
2024-10-01 08:21:52,717 [INFO] IPUIPlugin:80 - create IPUIPlugin
2024-10-01 08:21:52,717 [INFO] PluginManager:220 - loadIPPluginJar : add adc
2024-10-01 08:21:52,718 [INFO] IPUIPlugin:80 - create IPUIPlugin
2024-10-01 08:21:52,718 [INFO] PluginManager:220 - loadIPPluginJar : add ltdc
2024-10-01 08:21:52,720 [INFO] IPUIPlugin:80 - create IPUIPlugin
2024-10-01 08:21:52,720 [INFO] PluginManager:220 - loadIPPluginJar : add gpio
2024-10-01 08:21:52,721 [INFO] IPUIPlugin:80 - create IPUIPlugin
2024-10-01 08:21:52,721 [INFO] PluginManager:220 - loadIPPluginJar : add fatfs
2024-10-01 08:21:52,722 [INFO] IPUIPlugin:80 - create IPUIPlugin
2024-10-01 08:21:52,722 [INFO] PluginManager:220 - loadIPPluginJar : add ipddr
2024-10-01 08:21:52,726 [INFO] IPUIPlugin:80 - create IPUIPlugin
2024-10-01 08:21:52,727 [INFO] PluginManager:220 - loadIPPluginJar : add plateformsettings
2024-10-01 08:21:52,728 [INFO] IPUIPlugin:80 - create IPUIPlugin
2024-10-01 08:21:52,728 [INFO] PluginManager:220 - loadIPPluginJar : add pdm2pcm
2024-10-01 08:21:52,730 [INFO] IPUIPlugin:80 - create IPUIPlugin
2024-10-01 08:21:52,730 [INFO] PluginManager:220 - loadIPPluginJar : add can
2024-10-01 08:21:52,730 [INFO] IPUIPlugin:80 - create IPUIPlugin
2024-10-01 08:21:52,731 [INFO] PluginManager:220 - loadIPPluginJar : add tracer_emb
2024-10-01 08:21:52,731 [INFO] IPUIPlugin:80 - create IPUIPlugin
2024-10-01 08:21:52,731 [INFO] PluginManager:220 - loadIPPluginJar : add genericplugin
2024-10-01 08:21:52,732 [INFO] IPUIPlugin:80 - create IPUIPlugin
2024-10-01 08:21:52,733 [INFO] PluginManager:220 - loadIPPluginJar : add ucpd
2024-10-01 08:21:52,734 [INFO] IPUIPlugin:80 - create IPUIPlugin
2024-10-01 08:21:52,734 [INFO] PluginManager:220 - loadIPPluginJar : add spi
2024-10-01 08:21:52,736 [INFO] IPUIPlugin:80 - create IPUIPlugin
2024-10-01 08:21:52,737 [INFO] PluginManager:220 - loadIPPluginJar : add freertos
2024-10-01 08:21:52,738 [INFO] IPUIPlugin:80 - create IPUIPlugin
2024-10-01 08:21:52,738 [INFO] PluginManager:220 - loadIPPluginJar : add i2s
2024-10-01 08:21:52,739 [INFO] IPUIPlugin:80 - create IPUIPlugin
2024-10-01 08:21:52,739 [INFO] PluginManager:220 - loadIPPluginJar : add opamp
2024-10-01 08:21:52,740 [INFO] IPUIPlugin:80 - create IPUIPlugin
2024-10-01 08:21:52,740 [INFO] PluginManager:220 - loadIPPluginJar : add gfxmmu
2024-10-01 08:21:52,741 [INFO] IPUIPlugin:80 - create IPUIPlugin
2024-10-01 08:21:52,741 [INFO] PluginManager:220 - loadIPPluginJar : add openamp
2024-10-01 08:21:52,742 [INFO] IPUIPlugin:80 - create IPUIPlugin
2024-10-01 08:21:52,742 [INFO] PluginManager:220 - loadIPPluginJar : add i3c
2024-10-01 08:21:52,743 [INFO] IPUIPlugin:80 - create IPUIPlugin
2024-10-01 08:21:52,743 [INFO] PluginManager:220 - loadIPPluginJar : add sai
2024-10-01 08:21:52,744 [INFO] IPUIPlugin:80 - create IPUIPlugin
2024-10-01 08:21:52,744 [INFO] PluginManager:220 - loadIPPluginJar : add lorawan
2024-10-01 08:21:52,745 [INFO] IPUIPlugin:80 - create IPUIPlugin
2024-10-01 08:21:52,746 [INFO] PluginManager:220 - loadIPPluginJar : add gtzc
2024-10-01 08:21:52,747 [INFO] IPUIPlugin:80 - create IPUIPlugin
2024-10-01 08:21:52,747 [INFO] PluginManager:220 - loadIPPluginJar : add nvic
2024-10-01 08:21:52,749 [INFO] IPUIPlugin:80 - create IPUIPlugin
2024-10-01 08:21:52,750 [INFO] PluginManager:220 - loadIPPluginJar : add gic
2024-10-01 08:21:52,753 [INFO] IPUIPlugin:80 - create IPUIPlugin
2024-10-01 08:21:52,753 [INFO] PluginManager:220 - loadIPPluginJar : add mdma
2024-10-01 08:21:52,754 [INFO] IPUIPlugin:80 - create IPUIPlugin
2024-10-01 08:21:52,754 [INFO] PluginManager:220 - loadIPPluginJar : add aes
2024-10-01 08:21:52,755 [INFO] IPUIPlugin:80 - create IPUIPlugin
2024-10-01 08:21:52,755 [INFO] PluginManager:220 - loadIPPluginJar : add dfsdm
2024-10-01 08:21:52,756 [INFO] IPUIPlugin:80 - create IPUIPlugin
2024-10-01 08:21:52,756 [INFO] PluginManager:220 - loadIPPluginJar : add usbx
2024-10-01 08:21:52,759 [INFO] IPUIPlugin:80 - create IPUIPlugin
2024-10-01 08:21:52,759 [INFO] PluginManager:220 - loadIPPluginJar : add dma
2024-10-01 08:21:52,760 [INFO] IPUIPlugin:80 - create IPUIPlugin
2024-10-01 08:21:52,760 [INFO] PluginManager:220 - loadIPPluginJar : add ddr_ctrl_phy
2024-10-01 08:21:52,761 [INFO] IPUIPlugin:80 - create IPUIPlugin
2024-10-01 08:21:52,761 [INFO] PluginManager:220 - loadIPPluginJar : add dma3
2024-10-01 08:21:52,764 [INFO] IPUIPlugin:80 - create IPUIPlugin
2024-10-01 08:21:52,764 [INFO] PluginManager:220 - loadIPPluginJar : add stm32_wpan
2024-10-01 08:21:52,765 [INFO] IPUIPlugin:80 - create IPUIPlugin
2024-10-01 08:21:52,765 [INFO] PluginManager:220 - loadIPPluginJar : add resmgrutility
2024-10-01 08:21:52,766 [INFO] IPUIPlugin:80 - create IPUIPlugin
2024-10-01 08:21:52,766 [INFO] PluginManager:220 - loadIPPluginJar : add hash
2024-10-01 08:21:52,768 [INFO] IPUIPlugin:80 - create IPUIPlugin
2024-10-01 08:21:52,768 [INFO] PluginManager:220 - loadIPPluginJar : add touchsensing
2024-10-01 08:21:52,769 [INFO] IPUIPlugin:80 - create IPUIPlugin
2024-10-01 08:21:52,769 [INFO] PluginManager:220 - loadIPPluginJar : add i2c
2024-10-01 08:21:52,769 [INFO] IPUIPlugin:80 - create IPUIPlugin
2024-10-01 08:21:52,769 [INFO] PluginManager:220 - loadIPPluginJar : add quadspi
2024-10-01 08:21:52,770 [INFO] IPUIPlugin:80 - create IPUIPlugin
2024-10-01 08:21:52,771 [INFO] PluginManager:220 - loadIPPluginJar : add usart
2024-10-01 08:21:52,771 [INFO] IPUIPlugin:80 - create IPUIPlugin
2024-10-01 08:21:52,771 [INFO] PluginManager:220 - loadIPPluginJar : add tsc
2024-10-01 08:21:52,775 [INFO] IPUIPlugin:80 - create IPUIPlugin
2024-10-01 08:21:52,775 [INFO] PluginManager:220 - loadIPPluginJar : add linkedlist
2024-10-01 08:21:52,776 [INFO] IPUIPlugin:80 - create IPUIPlugin
2024-10-01 08:21:52,776 [INFO] PluginManager:220 - loadIPPluginJar : add ts
2024-10-01 08:21:52,776 [INFO] IPUIPlugin:80 - create IPUIPlugin
2024-10-01 08:21:52,777 [INFO] PluginManager:220 - loadIPPluginJar : add comp
2024-10-01 08:21:52,777 [INFO] IPUIPlugin:80 - create IPUIPlugin
2024-10-01 08:21:52,777 [INFO] PluginManager:220 - loadIPPluginJar : add radio
2024-10-01 08:21:52,778 [INFO] IPUIPlugin:80 - create IPUIPlugin
2024-10-01 08:21:52,778 [INFO] PluginManager:220 - loadIPPluginJar : add cryp
2024-10-01 08:21:52,780 [INFO] IPUIPlugin:80 - create IPUIPlugin
2024-10-01 08:21:52,780 [INFO] PluginManager:220 - loadIPPluginJar : add extmemmanager
2024-10-01 08:21:52,780 [INFO] IPUIPlugin:80 - create IPUIPlugin
2024-10-01 08:21:52,781 [INFO] PluginManager:220 - loadIPPluginJar : add tim
2024-10-01 08:21:52,871 [INFO] CADModel:165 - CPN selected for project level
2024-10-01 08:21:52,871 [INFO] CADModel:114 - Register for checkConnection events
2024-10-01 08:21:52,871 [FATAL] Updater:334 - Updater called before beeing initialized
2024-10-01 08:21:52,871 [ERROR] CADModel:125 - Updater not yet initialized, retry later 
2024-10-01 08:21:52,940 [INFO] CADModel:165 - CPN selected for project level
2024-10-01 08:21:52,940 [INFO] CADModel:114 - Register for checkConnection events
2024-10-01 08:21:52,940 [FATAL] Updater:334 - Updater called before beeing initialized
2024-10-01 08:21:52,940 [ERROR] CADModel:125 - Updater not yet initialized, retry later 
2024-10-01 08:21:52,942 [FATAL] Updater:334 - Updater called before beeing initialized
2024-10-01 08:21:52,998 [FATAL] Updater:334 - Updater called before beeing initialized
2024-10-01 08:21:53,001 [INFO] DbMcusAds:53 - JSON generation date=Fri Sep 20 15:04:23 CEST 2024 (1726837463113)
2024-10-01 08:21:53,001 [FATAL] Updater:334 - Updater called before beeing initialized
2024-10-01 08:21:53,025 [WARN] DetailPanel:346 - Failed to get advertising image, set to default
2024-10-01 08:21:53,092 [FATAL] Updater:334 - Updater called before beeing initialized
2024-10-01 08:21:53,093 [FATAL] Updater:334 - Updater called before beeing initialized
2024-10-01 08:21:53,093 [FATAL] Updater:334 - Updater called before beeing initialized
2024-10-01 08:21:53,093 [WARN] DetailPanel:346 - Failed to get advertising image, set to default
2024-10-01 08:21:53,093 [FATAL] Updater:334 - Updater called before beeing initialized
2024-10-01 08:21:53,114 [ERROR] Updater:1164 - MainUpdater not yet initialized. External WinMGr cannot be set.
2024-10-01 08:21:53,116 [INFO] Updater:1100 - Updater Version found : 6.12.0
2024-10-01 08:21:53,126 [INFO] ApplicationProperties:184 - Using Application install path: /home/oliver/st/stm32cubeide_1.16.0/plugins/com.st.stm32cube.common.mx_6.12.0.202406281431
2024-10-01 08:21:53,412 [INFO] MainUpdater:2873 - connection check result : 10
2024-10-01 08:21:53,413 [INFO] MainUpdater:290 - Updater Check For Update Now.
2024-10-01 08:21:53,413 [INFO] MicroXplorer:498 - Change Database Version : DB.6.0.120
2024-10-01 08:21:53,416 [INFO] McuFinderGlobals:63 - Set McuFinder mode to 2 (CubeIDE integrated)
2024-10-01 08:21:53,424 [INFO] UserAuth:417 - Internet connection configuration mode: 1
2024-10-01 08:21:53,438 [INFO] JxBrowserEngine:152 - Initiate JxBrowser Engine with user profile folder
2024-10-01 08:21:53,567 [INFO] CheckServerUpdateThread:120 - End of CheckServer Thread
2024-10-01 08:21:54,158 [INFO] WebApp:167 - Instantiating new browser for Auth
2024-10-01 08:21:54,801 [INFO] WebApp:448 - Apply proxy settings
2024-10-01 08:21:54,801 [INFO] WebApp:533 - Chromium requires no authentication
2024-10-01 08:21:54,806 [INFO] WebApp:476 - Direct internet connection detected
2024-10-01 08:21:54,823 [INFO] WebApp:869 - Register for checkConnection events
2024-10-01 08:21:54,824 [INFO] WebApp:448 - Apply proxy settings
2024-10-01 08:21:54,824 [INFO] WebApp:533 - Chromium requires no authentication
2024-10-01 08:21:54,824 [INFO] WebApp:476 - Direct internet connection detected
2024-10-01 08:21:54,918 [INFO] WebApp:220 - Starting web application
2024-10-01 08:21:54,919 [INFO] WebApp:578 - Web application path used /home/oliver/st/stm32cubeide_1.16.0/plugins/com.st.stm32cube.common.mx_6.12.0.202406281431/db/plugins/mcufinder/reactClient1/index.html
2024-10-01 08:21:54,995 [INFO] UserAuth:417 - Internet connection configuration mode: 1
2024-10-01 08:21:55,415 [INFO] WebApp:186 - Connection restablished
2024-10-01 08:21:55,518 [WARN] PackLoader:240 - Cannot read IP mode file for STMicroelectronics.FP-SNS-MOTENVWB1.1.4.0
2024-10-01 08:21:55,530 [WARN] PackLoader:240 - Cannot read IP mode file for STMicroelectronics.X-CUBE-SMBUS.2.1.0
2024-10-01 08:21:55,562 [WARN] PackLoader:240 - Cannot read IP mode file for STMicroelectronics.X-CUBE-AZRTOS-F7.1.1.0
2024-10-01 08:21:55,657 [WARN] PackLoader:240 - Cannot read IP mode file for STMicroelectronics.X-CUBE-MEMS1.11.0.0
2024-10-01 08:21:55,835 [WARN] PackLoader:240 - Cannot read IP mode file for STMicroelectronics.FP-SNS-FLIGHT1.5.0.2
2024-10-01 08:21:55,846 [WARN] PackLoader:240 - Cannot read IP mode file for STMicroelectronics.X-CUBE-DISPLAY.3.0.0
2024-10-01 08:21:55,859 [WARN] PackLoader:240 - Cannot read IP mode file for STMicroelectronics.X-CUBE-BLE1.7.0.0
2024-10-01 08:21:55,867 [WARN] PackLoader:240 - Cannot read IP mode file for STMicroelectronics.X-CUBE-NFC10.1.0.0
2024-10-01 08:21:55,876 [WARN] PackLoader:240 - Cannot read IP mode file for emotas.I-CUBE-CANOPEN.1.3.0
2024-10-01 08:21:55,888 [WARN] PackLoader:240 - Cannot read IP mode file for STMicroelectronics.X-CUBE-BLEMGR.3.1.0
2024-10-01 08:21:55,897 [WARN] PackLoader:240 - Cannot read IP mode file for STMicroelectronics.FP-SNS-SMARTAG2.1.2.0
2024-10-01 08:21:55,909 [INFO] LogOutputStream:77 - [STDOUT_REDIRECT] 1 : Invalid condition id : UX_CORESTACK_Condition cause : null
2024-10-01 08:21:55,911 [INFO] LogOutputStream:77 - [STDOUT_REDIRECT] 1 : Invalid condition id : UX_CORESTACK_Condition cause : null
2024-10-01 08:21:55,911 [INFO] LogOutputStream:77 - [STDOUT_REDIRECT] 1 : Invalid condition id : UX_CORESTACK_Condition cause : null
2024-10-01 08:21:55,912 [INFO] LogOutputStream:77 - [STDOUT_REDIRECT] 1 : Invalid condition id : UX_CORESTACK_Condition cause : null
2024-10-01 08:21:55,912 [INFO] LogOutputStream:77 - [STDOUT_REDIRECT] 1 : Invalid condition id : UX_CORESTACK_Condition cause : null
2024-10-01 08:21:55,916 [WARN] PackLoader:240 - Cannot read IP mode file for STMicroelectronics.X-CUBE-AZRTOS-WL.2.0.0
2024-10-01 08:21:55,923 [WARN] PackLoader:240 - Cannot read IP mode file for STMicroelectronics.FP-SNS-MOTENV1.5.0.0
2024-10-01 08:21:55,928 [WARN] PackLoader:240 - Cannot read IP mode file for wolfSSL.I-CUBE-wolfMQTT.1.19.0
2024-10-01 08:21:55,937 [WARN] PackLoader:240 - Cannot read IP mode file for WES.I-CUBE-Cesium.1.3.0
2024-10-01 08:21:55,943 [WARN] PackLoader:240 - Cannot read IP mode file for STMicroelectronics.X-CUBE-BLE2.3.3.0
2024-10-01 08:21:55,951 [WARN] PackLoader:240 - Cannot read IP mode file for STMicroelectronics.X-CUBE-NFC9.1.0.0
2024-10-01 08:21:55,963 [WARN] PackLoader:240 - Cannot read IP mode file for STMicroelectronics.X-CUBE-TCPP.4.1.0
2024-10-01 08:21:55,984 [WARN] PackLoader:240 - Cannot read IP mode file for STMicroelectronics.X-CUBE-AZRTOS-G0.1.1.0
2024-10-01 08:21:55,993 [WARN] PackLoader:240 - Cannot read IP mode file for STMicroelectronics.X-CUBE-SAFEA1.1.2.2
2024-10-01 08:21:56,000 [WARN] PackLoader:240 - Cannot read IP mode file for STMicroelectronics.X-CUBE-NFC4.3.0.0
2024-10-01 08:21:56,014 [WARN] PackLoader:240 - Cannot read IP mode file for EmbeddedOffice.I-CUBE-FS-RTOS.1.0.1
2024-10-01 08:21:56,014 [ERROR] ConditionMgr:805 - Attr not supported : Dmpu
2024-10-01 08:21:56,015 [ERROR] ConditionMgr:805 - Attr not supported : Dmpu
2024-10-01 08:21:56,015 [ERROR] ConditionMgr:805 - Attr not supported : Dmpu
2024-10-01 08:21:56,015 [ERROR] ConditionMgr:805 - Attr not supported : Dmpu
2024-10-01 08:21:56,015 [ERROR] ConditionMgr:805 - Attr not supported : Dmpu
2024-10-01 08:21:56,015 [ERROR] ConditionMgr:805 - Attr not supported : Dmpu
2024-10-01 08:21:56,015 [ERROR] ConditionMgr:805 - Attr not supported : Dmpu
2024-10-01 08:21:56,015 [ERROR] ConditionMgr:805 - Attr not supported : Dmpu
2024-10-01 08:21:56,015 [ERROR] ConditionMgr:805 - Attr not supported : Dmpu
2024-10-01 08:21:56,015 [ERROR] ConditionMgr:805 - Attr not supported : Dmpu
2024-10-01 08:21:56,015 [ERROR] ConditionMgr:805 - Attr not supported : Dmpu
2024-10-01 08:21:56,015 [ERROR] ConditionMgr:805 - Attr not supported : Dmpu
2024-10-01 08:21:56,016 [ERROR] ConditionMgr:805 - Attr not supported : Dmpu
2024-10-01 08:21:56,016 [ERROR] ConditionMgr:805 - Attr not supported : Dmpu
2024-10-01 08:21:56,016 [ERROR] ConditionMgr:805 - Attr not supported : Dmpu
2024-10-01 08:21:56,017 [ERROR] ConditionMgr:805 - Attr not supported : Dmpu
2024-10-01 08:21:56,017 [ERROR] ConditionMgr:805 - Attr not supported : Dmpu
2024-10-01 08:21:56,017 [ERROR] ConditionMgr:805 - Attr not supported : Dmpu
2024-10-01 08:21:56,017 [ERROR] ConditionMgr:805 - Attr not supported : Dmpu
2024-10-01 08:21:56,017 [ERROR] ConditionMgr:805 - Attr not supported : Dmpu
2024-10-01 08:21:56,017 [ERROR] ConditionMgr:805 - Attr not supported : Dmpu
2024-10-01 08:21:56,017 [ERROR] ConditionMgr:805 - Attr not supported : Dmpu
2024-10-01 08:21:56,017 [ERROR] ConditionMgr:805 - Attr not supported : Dmpu
2024-10-01 08:21:56,017 [ERROR] ConditionMgr:805 - Attr not supported : Dmpu
2024-10-01 08:21:56,017 [ERROR] ConditionMgr:805 - Attr not supported : Dmpu
2024-10-01 08:21:56,017 [ERROR] ConditionMgr:805 - Attr not supported : Dmpu
2024-10-01 08:21:56,017 [ERROR] ConditionMgr:805 - Attr not supported : Dmpu
2024-10-01 08:21:56,018 [ERROR] ConditionMgr:805 - Attr not supported : Dmpu
2024-10-01 08:21:56,018 [ERROR] ConditionMgr:805 - Attr not supported : Dmpu
2024-10-01 08:21:56,018 [ERROR] ConditionMgr:805 - Attr not supported : Dmpu
2024-10-01 08:21:56,018 [ERROR] ConditionMgr:805 - Attr not supported : Dmpu
2024-10-01 08:21:56,018 [ERROR] ConditionMgr:805 - Attr not supported : Dmpu
2024-10-01 08:21:56,018 [ERROR] ConditionMgr:805 - Attr not supported : Dmpu
2024-10-01 08:21:56,018 [ERROR] ConditionMgr:805 - Attr not supported : Dmpu
2024-10-01 08:21:56,018 [ERROR] ConditionMgr:805 - Attr not supported : Dmpu
2024-10-01 08:21:56,018 [ERROR] ConditionMgr:805 - Attr not supported : Dmpu
2024-10-01 08:21:56,018 [ERROR] ConditionMgr:805 - Attr not supported : Dmpu
2024-10-01 08:21:56,018 [ERROR] ConditionMgr:805 - Attr not supported : Dmpu
2024-10-01 08:21:56,019 [ERROR] ConditionMgr:805 - Attr not supported : Dmpu
2024-10-01 08:21:56,019 [ERROR] ConditionMgr:805 - Attr not supported : Dmpu
2024-10-01 08:21:56,019 [ERROR] ConditionMgr:805 - Attr not supported : Dmpu
2024-10-01 08:21:56,019 [ERROR] ConditionMgr:805 - Attr not supported : Dmpu
2024-10-01 08:21:56,019 [ERROR] ConditionMgr:805 - Attr not supported : Dmpu
2024-10-01 08:21:56,019 [ERROR] ConditionMgr:805 - Attr not supported : Dmpu
2024-10-01 08:21:56,019 [ERROR] ConditionMgr:805 - Attr not supported : Dmpu
2024-10-01 08:21:56,019 [ERROR] ConditionMgr:805 - Attr not supported : Dmpu
2024-10-01 08:21:56,019 [ERROR] ConditionMgr:805 - Attr not supported : Dmpu
2024-10-01 08:21:56,019 [ERROR] ConditionMgr:805 - Attr not supported : Dmpu
2024-10-01 08:21:56,019 [ERROR] ConditionMgr:805 - Attr not supported : Dmpu
2024-10-01 08:21:56,020 [ERROR] ConditionMgr:805 - Attr not supported : Dmpu
2024-10-01 08:21:56,020 [ERROR] ConditionMgr:805 - Attr not supported : Dmpu
2024-10-01 08:21:56,020 [ERROR] ConditionMgr:805 - Attr not supported : Dmpu
2024-10-01 08:21:56,020 [ERROR] ConditionMgr:805 - Attr not supported : Dmpu
2024-10-01 08:21:56,020 [ERROR] ConditionMgr:805 - Attr not supported : Dmpu
2024-10-01 08:21:56,020 [ERROR] ConditionMgr:805 - Attr not supported : Dmpu
2024-10-01 08:21:56,020 [ERROR] ConditionMgr:805 - Attr not supported : Dmpu
2024-10-01 08:21:56,020 [ERROR] ConditionMgr:805 - Attr not supported : Dmpu
2024-10-01 08:21:56,020 [ERROR] ConditionMgr:805 - Attr not supported : Dmpu
2024-10-01 08:21:56,020 [ERROR] ConditionMgr:805 - Attr not supported : Dmpu
2024-10-01 08:21:56,020 [ERROR] ConditionMgr:805 - Attr not supported : Dmpu
2024-10-01 08:21:56,020 [ERROR] ConditionMgr:805 - Attr not supported : Dmpu
2024-10-01 08:21:56,021 [ERROR] ConditionMgr:805 - Attr not supported : Dmpu
2024-10-01 08:21:56,021 [ERROR] ConditionMgr:805 - Attr not supported : Dmpu
2024-10-01 08:21:56,021 [ERROR] ConditionMgr:805 - Attr not supported : Dmpu
2024-10-01 08:21:56,027 [WARN] PackLoader:240 - Cannot read IP mode file for RealThread.X-CUBE-RT-Thread_Nano.4.1.1
2024-10-01 08:21:56,031 [WARN] PackLoader:240 - Cannot read IP mode file for STMicroelectronics.FP-ATR-SIGFOX1.3.2.0
2024-10-01 08:21:56,035 [WARN] PackLoader:240 - Cannot read IP mode file for wolfSSL.I-CUBE-wolfSSL.5.7.2
2024-10-01 08:21:56,041 [WARN] PackLoader:240 - Cannot read IP mode file for STMicroelectronics.X-CUBE-EEPRMA1.5.1.0
2024-10-01 08:21:56,049 [WARN] PackLoader:240 - Cannot read IP mode file for ITTIA_DB.I-CUBE-ITTIADB.8.9.0
2024-10-01 08:21:56,087 [WARN] PackLoader:240 - Cannot read IP mode file for SEGGER.I-CUBE-embOS.1.3.1
2024-10-01 08:21:56,129 [WARN] PackLoader:240 - Cannot read IP mode file for STMicroelectronics.X-CUBE-ALGOBUILD.1.4.0
2024-10-01 08:21:56,145 [WARN] PackLoader:240 - Cannot read IP mode file for STMicroelectronics.X-CUBE-AZRTOS-F4.1.1.0
2024-10-01 08:21:56,152 [WARN] PackLoader:240 - Cannot read IP mode file for STMicroelectronics.X-CUBE-ISPU.2.1.0
2024-10-01 08:21:56,156 [WARN] PackLoader:240 - Cannot read IP mode file for STMicroelectronics.X-CUBE-FREERTOS.1.2.0
2024-10-01 08:21:56,171 [WARN] PackLoader:240 - Cannot read IP mode file for STMicroelectronics.X-CUBE-AZRTOS-L5.2.0.0
2024-10-01 08:21:56,180 [WARN] PackLoader:240 - Cannot read IP mode file for STMicroelectronics.X-CUBE-NFC6.3.1.0
2024-10-01 08:21:56,188 [WARN] PackLoader:240 - Cannot read IP mode file for STMicroelectronics.X-CUBE-DPower.1.2.0
2024-10-01 08:21:56,192 [WARN] PackLoader:240 - Cannot read IP mode file for STMicroelectronics.X-CUBE-AI.9.0.0
2024-10-01 08:21:56,197 [WARN] PackLoader:240 - Cannot read IP mode file for STMicroelectronics.X-CUBE-NFC7.1.0.1
2024-10-01 08:21:56,214 [WARN] ConditionMgr:438 - getConditionDescription Invalid condition id : LAN8742 Phy interface Condition cause : null
2024-10-01 08:21:56,215 [WARN] PackLoader:240 - Cannot read IP mode file for STMicroelectronics.X-CUBE-AZRTOS-L4.2.0.0
2024-10-01 08:21:56,217 [WARN] ConditionMgr:1039 - genDependencies : Invalid condition id : LAN8742 Phy interface Condition cause : null
2024-10-01 08:21:56,217 [WARN] ConditionMgr:1039 - genDependencies : Invalid condition id : LAN8742 Phy interface Condition cause : null
2024-10-01 08:21:56,218 [WARN] ConditionMgr:1039 - genDependencies : Invalid condition id : LAN8742 Phy interface Condition cause : null
2024-10-01 08:21:56,224 [WARN] PackLoader:240 - Cannot read IP mode file for STMicroelectronics.X-CUBE-SFXS2LP1.4.0.0
2024-10-01 08:21:56,241 [WARN] PackLoader:240 - Cannot read IP mode file for STMicroelectronics.X-CUBE-AZRTOS-H7.3.3.0
2024-10-01 08:21:56,251 [WARN] ConditionMgr:438 - getConditionDescription Invalid condition id : UX DEVICE CLASS RTOS Condition cause : null
2024-10-01 08:21:56,251 [WARN] ConditionMgr:438 - getConditionDescription Invalid condition id : UX DEVICE CLASS RTOS Condition cause : null
2024-10-01 08:21:56,253 [WARN] PackLoader:240 - Cannot read IP mode file for STMicroelectronics.X-CUBE-AZRTOS-WB.2.0.0
2024-10-01 08:21:56,254 [WARN] ConditionMgr:1039 - genDependencies : Invalid condition id : UX DEVICE CLASS RTOS Condition cause : null
2024-10-01 08:21:56,254 [WARN] ConditionMgr:1039 - genDependencies : Invalid condition id : UX DEVICE CLASS RTOS Condition cause : null
2024-10-01 08:21:56,254 [WARN] ConditionMgr:1039 - genDependencies : Invalid condition id : UX DEVICE CLASS RTOS Condition cause : null
2024-10-01 08:21:56,255 [WARN] ConditionMgr:1039 - genDependencies : Invalid condition id : UX DEVICE CLASS RTOS Condition cause : null
2024-10-01 08:21:56,255 [WARN] ConditionMgr:1039 - genDependencies : Invalid condition id : UX DEVICE CLASS RTOS Condition cause : null
2024-10-01 08:21:56,259 [WARN] PackLoader:240 - Cannot read IP mode file for STMicroelectronics.X-CUBE-GNSS1.7.0.0
2024-10-01 08:21:56,268 [WARN] PackLoader:240 - Cannot read IP mode file for STMicroelectronics.FP-SNS-STBOX1.2.0.0
2024-10-01 08:21:56,285 [WARN] PackLoader:240 - Cannot read IP mode file for STMicroelectronics.X-CUBE-SUBG2.5.0.0
2024-10-01 08:21:56,298 [WARN] PackLoader:240 - Cannot read IP mode file for Cesanta.I-CUBE-Mongoose.7.13.0
2024-10-01 08:21:56,320 [WARN] PackLoader:240 - Cannot read IP mode file for STMicroelectronics.X-CUBE-AZRTOS-G4.2.0.0
2024-10-01 08:21:56,326 [WARN] PackLoader:240 - Cannot read IP mode file for STMicroelectronics.X-CUBE-ISPU.2.0.0
2024-10-01 08:21:56,330 [WARN] PackLoader:240 - Cannot read IP mode file for STMicroelectronics.X-CUBE-ALS.1.0.2
2024-10-01 08:21:56,335 [WARN] PackLoader:240 - Cannot read IP mode file for STMicroelectronics.X-CUBE-TOUCHGFX.4.24.0
2024-10-01 08:21:56,338 [WARN] PackLoader:240 - Cannot read IP mode file for STMicroelectronics.X-CUBE-TOUCHGFX.4.24.1
2024-10-01 08:21:56,340 [WARN] PackLoader:240 - Cannot read IP mode file for wolfSSL.I-CUBE-wolfTPM.3.4.0
2024-10-01 08:21:56,345 [WARN] PackLoader:240 - Cannot read IP mode file for portGmbH.I-Cube-SoM-uGOAL.1.1.0
2024-10-01 08:21:56,365 [WARN] PackLoader:240 - Cannot read IP mode file for STMicroelectronics.X-CUBE-AZRTOS-H7RS.1.0.0
2024-10-01 08:21:56,372 [WARN] PackLoader:240 - Cannot read IP mode file for STMicroelectronics.FP-ATR-ASTRA1.2.0.0
2024-10-01 08:21:56,385 [WARN] PackLoader:240 - Cannot read IP mode file for STMicroelectronics.X-CUBE-TOF1.3.4.2
2024-10-01 08:21:56,419 [WARN] PackLoader:240 - Cannot read IP mode file for Infineon.AIROC-Wi-Fi-Bluetooth-STM32.1.6.1
2024-10-01 08:21:56,428 [WARN] PackLoader:240 - Cannot read IP mode file for wolfSSL.I-CUBE-wolfSSH.1.4.17
2024-10-01 08:21:56,429 [INFO] ThirdParty:978 - Integrity check success = true
2024-10-01 08:21:56,429 [INFO] IntegrityCheckThread:100 - exiting critical section [integrity check]
2024-10-01 08:21:56,429 [INFO] IntegrityCheckThread:103 - End integrity checks thread
2024-10-01 08:22:05,276 [ERROR] LogOutputStream:75 - [STDERR_REDIRECT] 
2024-10-01 08:23:08,602 [INFO] Activator:176 - 


2024-10-01 08:23:08,604 [INFO] Activator:177 - !SESSION log4j initialized
2024-10-01 08:23:10,558 [INFO] LogOutputStream:77 - [STDOUT_REDIRECT] 
2024-10-01 08:23:12,157 [INFO] ApplicationProperties:184 - Using Application install path: /home/oliver/st/stm32cubeide_1.16.0/plugins/com.st.stm32cube.common.mx_6.12.0.202406281431
2024-10-01 08:23:12,168 [INFO] DbMcusXml:78 - Set database path to: /home/oliver/st/stm32cubeide_1.16.0/plugins/com.st.stm32cube.common.mx_6.12.0.202406281431//db//mcu/
2024-10-01 08:23:12,168 [INFO] ApiDb:274 - Set plugin database path to: /home/oliver/st/stm32cubeide_1.16.0/plugins/com.st.stm32cube.common.mx_6.12.0.202406281431//db//plugins/boardmanager/
2024-10-01 08:23:12,168 [WARN] ApiDb:259 - Overriding images path with different value:  => /home/oliver/st/stm32cubeide_1.16.0/plugins/com.st.stm32cube.common.mx_6.12.0.202406281431//db//plugins/mcufinder/images/
2024-10-01 08:23:12,171 [INFO] ApiDb:250 - Set database path to: /home/oliver/.stmcufinder/plugins/mcufinder//mcu/
2024-10-01 08:23:12,171 [INFO] DbMcusAds:125 - Set database path to: /home/oliver/.stmcufinder/plugins/mcufinder//mcu/
2024-10-01 08:23:12,172 [INFO] CrossReferenceDbSqlite:203 - Set database path to: /home/oliver/.stmcufinder/plugins/mcufinder//mcu/cs/
2024-10-01 08:23:12,240 [INFO] RulesReader:64 - Compatibility file has been processed (297 Rules)
2024-10-01 08:23:12,284 [INFO] DbMcusXml:78 - Set database path to: /home/oliver/st/stm32cubeide_1.16.0/plugins/com.st.stm32cube.common.mx_6.12.0.202406281431//db//mcu/
2024-10-01 08:23:12,284 [INFO] ApiDb:274 - Set plugin database path to: /home/oliver/st/stm32cubeide_1.16.0/plugins/com.st.stm32cube.common.mx_6.12.0.202406281431//db//plugins/boardmanager/
2024-10-01 08:23:12,284 [INFO] ApiDb:261 - Set plugin images path to: /home/oliver/st/stm32cubeide_1.16.0/plugins/com.st.stm32cube.common.mx_6.12.0.202406281431//db//plugins/mcufinder/images/
2024-10-01 08:23:12,284 [WARN] DbFile:41 - Overriding database path with different value: /home/oliver/.stmcufinder/plugins/mcufinder/ => /home/oliver/.stmcufinder/plugins/mcufinder
2024-10-01 08:23:12,284 [INFO] ApiDb:250 - Set database path to: /home/oliver/.stmcufinder/plugins/mcufinder//mcu/
2024-10-01 08:23:12,284 [WARN] DbFile:41 - Overriding database path with different value: /home/oliver/.stmcufinder/plugins/mcufinder/ => /home/oliver/.stmcufinder/plugins/mcufinder
2024-10-01 08:23:12,284 [INFO] DbMcusAds:125 - Set database path to: /home/oliver/.stmcufinder/plugins/mcufinder//mcu/
2024-10-01 08:23:12,284 [WARN] DbFile:41 - Overriding database path with different value: /home/oliver/.stmcufinder/plugins/mcufinder/ => /home/oliver/.stmcufinder/plugins/mcufinder
2024-10-01 08:23:12,284 [WARN] DbFile:41 - Overriding database path with different value: /home/oliver/.stmcufinder/plugins/mcufinder/ => /home/oliver/.stmcufinder/plugins/mcufinder
2024-10-01 08:23:12,285 [INFO] CrossReferenceDbSqlite:203 - Set database path to: /home/oliver/.stmcufinder/plugins/mcufinder//mcu/cs/
2024-10-01 08:23:12,335 [INFO] MainPanel:268 - HeapMemory: 268435456
2024-10-01 08:23:12,408 [INFO] DbMcusXml:78 - Set database path to: /home/oliver/st/stm32cubeide_1.16.0/plugins/com.st.stm32cube.common.mx_6.12.0.202406281431//db//mcu/
2024-10-01 08:23:12,409 [INFO] ApiDb:274 - Set plugin database path to: /home/oliver/st/stm32cubeide_1.16.0/plugins/com.st.stm32cube.common.mx_6.12.0.202406281431//db//plugins/boardmanager/
2024-10-01 08:23:12,409 [INFO] ApiDb:261 - Set plugin images path to: /home/oliver/st/stm32cubeide_1.16.0/plugins/com.st.stm32cube.common.mx_6.12.0.202406281431//db//plugins/mcufinder/images/
2024-10-01 08:23:12,409 [WARN] DbFile:41 - Overriding database path with different value: /home/oliver/.stmcufinder/plugins/mcufinder/ => /home/oliver/.stmcufinder/plugins/mcufinder
2024-10-01 08:23:12,409 [INFO] ApiDb:250 - Set database path to: /home/oliver/.stmcufinder/plugins/mcufinder//mcu/
2024-10-01 08:23:12,409 [WARN] DbFile:41 - Overriding database path with different value: /home/oliver/.stmcufinder/plugins/mcufinder/ => /home/oliver/.stmcufinder/plugins/mcufinder
2024-10-01 08:23:12,409 [INFO] DbMcusAds:125 - Set database path to: /home/oliver/.stmcufinder/plugins/mcufinder//mcu/
2024-10-01 08:23:12,409 [WARN] DbFile:41 - Overriding database path with different value: /home/oliver/.stmcufinder/plugins/mcufinder/ => /home/oliver/.stmcufinder/plugins/mcufinder
2024-10-01 08:23:12,409 [WARN] DbFile:41 - Overriding database path with different value: /home/oliver/.stmcufinder/plugins/mcufinder/ => /home/oliver/.stmcufinder/plugins/mcufinder
2024-10-01 08:23:12,409 [INFO] CrossReferenceDbSqlite:203 - Set database path to: /home/oliver/.stmcufinder/plugins/mcufinder//mcu/cs/
2024-10-01 08:23:12,422 [INFO] ApplicationProperties:184 - Using Application install path: /home/oliver/st/stm32cubeide_1.16.0/plugins/com.st.stm32cube.common.mx_6.12.0.202406281431
2024-10-01 08:23:12,423 [INFO] PluginManage:196 - Search for loadable plugins [exclusion list=, ]
2024-10-01 08:23:12,424 [INFO] PluginManage:310 - Check plugin analytics
2024-10-01 08:23:12,535 [INFO] AnalyticsPlugin:253 - Accepted Software Licenses: 
2024-10-01 08:23:12,536 [INFO] AnalyticsPlugin:255 - Accepted CMSIS Pack Licenses: 
2024-10-01 08:23:12,536 [INFO] AnalyticsPlugin:257 - Accepted Firmware Licenses: FW.G4.1.6.0
2024-10-01 08:23:12,537 [INFO] PluginManage:359 - Loaded plugin analytics (category:tool,tabindex:-1)
2024-10-01 08:23:12,537 [INFO] PluginManage:310 - Check plugin cadmodel
2024-10-01 08:23:12,545 [INFO] CADModel:105 - Init CAD model plugin
2024-10-01 08:23:12,545 [INFO] PluginManage:359 - Loaded plugin cadmodel (category:power,tabindex:5)
2024-10-01 08:23:12,545 [INFO] PluginManage:310 - Check plugin clock
2024-10-01 08:23:12,550 [INFO] PluginManage:359 - Loaded plugin clock (category:base,tabindex:2)
2024-10-01 08:23:12,551 [INFO] PluginManage:310 - Check plugin ddr
2024-10-01 08:23:12,552 [INFO] PluginManage:359 - Loaded plugin ddr (category:tool,tabindex:6)
2024-10-01 08:23:12,553 [INFO] PluginManage:310 - Check plugin filemanager
2024-10-01 08:23:12,648 [INFO] PluginManage:359 - Loaded plugin filemanager (category:base,tabindex:10)
2024-10-01 08:23:12,649 [INFO] PluginManage:310 - Check plugin ipmanager
2024-10-01 08:23:12,652 [INFO] PluginManage:359 - Loaded plugin ipmanager (category:base,tabindex:5)
2024-10-01 08:23:12,652 [INFO] PluginManage:310 - Check plugin lpbam
2024-10-01 08:23:12,657 [INFO] PluginManage:359 - Loaded plugin lpbam (category:base,tabindex:0)
2024-10-01 08:23:12,657 [INFO] PluginManage:310 - Check plugin memorymap
2024-10-01 08:23:12,662 [INFO] PluginManage:359 - Loaded plugin memorymap (category:base,tabindex:4)
2024-10-01 08:23:12,662 [INFO] PluginManage:310 - Check plugin pinoutandconfiguration
2024-10-01 08:23:12,666 [INFO] PluginManage:359 - Loaded plugin pinoutandconfiguration (category:base,tabindex:1)
2024-10-01 08:23:12,666 [INFO] PluginManage:310 - Check plugin pinoutconfig
2024-10-01 08:23:12,715 [WARN] SupportedApi:132 - Cannot load RTOS API schema: s4s-elt-must-match.1: The content of 'definitions' must match (annotation?, (simpleType | complexType)?, (unique | key | keyref)*)). A problem was found starting at: attribute.
2024-10-01 08:23:12,822 [INFO] PluginManage:359 - Loaded plugin pinoutconfig (category:base,tabindex:0)
2024-10-01 08:23:12,822 [INFO] PluginManage:310 - Check plugin power
2024-10-01 08:23:12,828 [INFO] PluginManage:359 - Loaded plugin power (category:power,tabindex:4)
2024-10-01 08:23:12,828 [INFO] PluginManage:310 - Check plugin projectmanager
2024-10-01 08:23:12,840 [INFO] PluginManage:359 - Loaded plugin projectmanager (category:projectmanager,tabindex:4)
2024-10-01 08:23:12,840 [INFO] PluginManage:310 - Check plugin rif
2024-10-01 08:23:12,843 [INFO] PluginManage:359 - Loaded plugin rif (category:base,tabindex:3)
2024-10-01 08:23:12,843 [INFO] PluginManage:310 - Check plugin thirdparty
2024-10-01 08:23:12,936 [INFO] PluginManage:359 - Loaded plugin thirdparty (category:base,tabindex:-1)
2024-10-01 08:23:12,936 [WARN] IntegrityCheckThread:84 - waiting for thirdparty lock release [integrity check]
2024-10-01 08:23:12,936 [INFO] PluginManage:310 - Check plugin tools
2024-10-01 08:23:12,936 [INFO] IntegrityCheckThread:86 - entering critical section [integrity check]
2024-10-01 08:23:12,937 [INFO] ThirdPartyUpdaterWithRetryManager:70 - Updater plugin not ready yet. [1/15]
2024-10-01 08:23:12,938 [INFO] PluginManage:359 - Loaded plugin tools (category:base,tabindex:7)
2024-10-01 08:23:12,939 [INFO] PluginManage:310 - Check plugin tutovideos
2024-10-01 08:23:13,051 [INFO] PluginManage:359 - Loaded plugin tutovideos (category:base,tabindex:-1)
2024-10-01 08:23:13,051 [INFO] PluginManage:310 - Check plugin updater
2024-10-01 08:23:13,062 [INFO] PluginManage:359 - Loaded plugin updater (category:base,tabindex:12)
2024-10-01 08:23:13,063 [INFO] PluginManage:310 - Check plugin userauth
2024-10-01 08:23:13,066 [INFO] UserAuth:113 - Init User Auth plugin
2024-10-01 08:23:13,066 [INFO] PluginManage:359 - Loaded plugin userauth (category:base,tabindex:14)
2024-10-01 08:23:13,066 [INFO] PluginManage:283 - PluginManage : Loaded plugins [18]
2024-10-01 08:23:13,170 [INFO] PinOutPanel:1561 - setPackage(No Configuration,No Configuration)
2024-10-01 08:23:13,217 [INFO] CADModel:165 - CPN selected for project level
2024-10-01 08:23:13,217 [INFO] CADModel:114 - Register for checkConnection events
2024-10-01 08:23:13,226 [INFO] IPUIPlugin:80 - create IPUIPlugin
2024-10-01 08:23:13,226 [INFO] PluginManager:220 - loadIPPluginJar : add fmc
2024-10-01 08:23:13,229 [INFO] IPUIPlugin:80 - create IPUIPlugin
2024-10-01 08:23:13,229 [INFO] PluginManager:220 - loadIPPluginJar : add adc
2024-10-01 08:23:13,230 [INFO] IPUIPlugin:80 - create IPUIPlugin
2024-10-01 08:23:13,230 [INFO] PluginManager:220 - loadIPPluginJar : add ltdc
2024-10-01 08:23:13,232 [INFO] IPUIPlugin:80 - create IPUIPlugin
2024-10-01 08:23:13,233 [INFO] PluginManager:220 - loadIPPluginJar : add gpio
2024-10-01 08:23:13,233 [INFO] IPUIPlugin:80 - create IPUIPlugin
2024-10-01 08:23:13,233 [INFO] PluginManager:220 - loadIPPluginJar : add fatfs
2024-10-01 08:23:13,235 [INFO] IPUIPlugin:80 - create IPUIPlugin
2024-10-01 08:23:13,235 [INFO] PluginManager:220 - loadIPPluginJar : add ipddr
2024-10-01 08:23:13,238 [INFO] IPUIPlugin:80 - create IPUIPlugin
2024-10-01 08:23:13,240 [INFO] PluginManager:220 - loadIPPluginJar : add plateformsettings
2024-10-01 08:23:13,241 [INFO] IPUIPlugin:80 - create IPUIPlugin
2024-10-01 08:23:13,241 [INFO] PluginManager:220 - loadIPPluginJar : add pdm2pcm
2024-10-01 08:23:13,242 [INFO] IPUIPlugin:80 - create IPUIPlugin
2024-10-01 08:23:13,242 [INFO] PluginManager:220 - loadIPPluginJar : add can
2024-10-01 08:23:13,243 [INFO] IPUIPlugin:80 - create IPUIPlugin
2024-10-01 08:23:13,243 [INFO] PluginManager:220 - loadIPPluginJar : add tracer_emb
2024-10-01 08:23:13,244 [INFO] IPUIPlugin:80 - create IPUIPlugin
2024-10-01 08:23:13,244 [INFO] PluginManager:220 - loadIPPluginJar : add genericplugin
2024-10-01 08:23:13,245 [INFO] IPUIPlugin:80 - create IPUIPlugin
2024-10-01 08:23:13,245 [INFO] PluginManager:220 - loadIPPluginJar : add ucpd
2024-10-01 08:23:13,246 [INFO] IPUIPlugin:80 - create IPUIPlugin
2024-10-01 08:23:13,246 [INFO] PluginManager:220 - loadIPPluginJar : add spi
2024-10-01 08:23:13,249 [INFO] IPUIPlugin:80 - create IPUIPlugin
2024-10-01 08:23:13,249 [INFO] PluginManager:220 - loadIPPluginJar : add freertos
2024-10-01 08:23:13,250 [INFO] IPUIPlugin:80 - create IPUIPlugin
2024-10-01 08:23:13,250 [INFO] PluginManager:220 - loadIPPluginJar : add i2s
2024-10-01 08:23:13,252 [INFO] IPUIPlugin:80 - create IPUIPlugin
2024-10-01 08:23:13,252 [INFO] PluginManager:220 - loadIPPluginJar : add opamp
2024-10-01 08:23:13,253 [INFO] IPUIPlugin:80 - create IPUIPlugin
2024-10-01 08:23:13,253 [INFO] PluginManager:220 - loadIPPluginJar : add gfxmmu
2024-10-01 08:23:13,254 [INFO] IPUIPlugin:80 - create IPUIPlugin
2024-10-01 08:23:13,254 [INFO] PluginManager:220 - loadIPPluginJar : add openamp
2024-10-01 08:23:13,256 [INFO] IPUIPlugin:80 - create IPUIPlugin
2024-10-01 08:23:13,256 [INFO] PluginManager:220 - loadIPPluginJar : add i3c
2024-10-01 08:23:13,257 [INFO] IPUIPlugin:80 - create IPUIPlugin
2024-10-01 08:23:13,257 [INFO] PluginManager:220 - loadIPPluginJar : add sai
2024-10-01 08:23:13,259 [INFO] IPUIPlugin:80 - create IPUIPlugin
2024-10-01 08:23:13,259 [INFO] PluginManager:220 - loadIPPluginJar : add lorawan
2024-10-01 08:23:13,260 [INFO] IPUIPlugin:80 - create IPUIPlugin
2024-10-01 08:23:13,260 [INFO] PluginManager:220 - loadIPPluginJar : add gtzc
2024-10-01 08:23:13,262 [INFO] IPUIPlugin:80 - create IPUIPlugin
2024-10-01 08:23:13,262 [INFO] PluginManager:220 - loadIPPluginJar : add nvic
2024-10-01 08:23:13,265 [INFO] IPUIPlugin:80 - create IPUIPlugin
2024-10-01 08:23:13,265 [INFO] PluginManager:220 - loadIPPluginJar : add gic
2024-10-01 08:23:13,269 [INFO] IPUIPlugin:80 - create IPUIPlugin
2024-10-01 08:23:13,269 [INFO] PluginManager:220 - loadIPPluginJar : add mdma
2024-10-01 08:23:13,270 [INFO] IPUIPlugin:80 - create IPUIPlugin
2024-10-01 08:23:13,270 [INFO] PluginManager:220 - loadIPPluginJar : add aes
2024-10-01 08:23:13,271 [INFO] IPUIPlugin:80 - create IPUIPlugin
2024-10-01 08:23:13,271 [INFO] PluginManager:220 - loadIPPluginJar : add dfsdm
2024-10-01 08:23:13,273 [INFO] IPUIPlugin:80 - create IPUIPlugin
2024-10-01 08:23:13,273 [INFO] PluginManager:220 - loadIPPluginJar : add usbx
2024-10-01 08:23:13,276 [INFO] IPUIPlugin:80 - create IPUIPlugin
2024-10-01 08:23:13,276 [INFO] PluginManager:220 - loadIPPluginJar : add dma
2024-10-01 08:23:13,277 [INFO] IPUIPlugin:80 - create IPUIPlugin
2024-10-01 08:23:13,277 [INFO] PluginManager:220 - loadIPPluginJar : add ddr_ctrl_phy
2024-10-01 08:23:13,278 [INFO] IPUIPlugin:80 - create IPUIPlugin
2024-10-01 08:23:13,278 [INFO] PluginManager:220 - loadIPPluginJar : add dma3
2024-10-01 08:23:13,281 [INFO] IPUIPlugin:80 - create IPUIPlugin
2024-10-01 08:23:13,281 [INFO] PluginManager:220 - loadIPPluginJar : add stm32_wpan
2024-10-01 08:23:13,282 [INFO] IPUIPlugin:80 - create IPUIPlugin
2024-10-01 08:23:13,282 [INFO] PluginManager:220 - loadIPPluginJar : add resmgrutility
2024-10-01 08:23:13,283 [INFO] IPUIPlugin:80 - create IPUIPlugin
2024-10-01 08:23:13,283 [INFO] PluginManager:220 - loadIPPluginJar : add hash
2024-10-01 08:23:13,284 [INFO] IPUIPlugin:80 - create IPUIPlugin
2024-10-01 08:23:13,284 [INFO] PluginManager:220 - loadIPPluginJar : add touchsensing
2024-10-01 08:23:13,285 [INFO] IPUIPlugin:80 - create IPUIPlugin
2024-10-01 08:23:13,285 [INFO] PluginManager:220 - loadIPPluginJar : add i2c
2024-10-01 08:23:13,286 [INFO] IPUIPlugin:80 - create IPUIPlugin
2024-10-01 08:23:13,286 [INFO] PluginManager:220 - loadIPPluginJar : add quadspi
2024-10-01 08:23:13,287 [INFO] IPUIPlugin:80 - create IPUIPlugin
2024-10-01 08:23:13,287 [INFO] PluginManager:220 - loadIPPluginJar : add usart
2024-10-01 08:23:13,288 [INFO] IPUIPlugin:80 - create IPUIPlugin
2024-10-01 08:23:13,288 [INFO] PluginManager:220 - loadIPPluginJar : add tsc
2024-10-01 08:23:13,291 [INFO] IPUIPlugin:80 - create IPUIPlugin
2024-10-01 08:23:13,291 [INFO] PluginManager:220 - loadIPPluginJar : add linkedlist
2024-10-01 08:23:13,292 [INFO] IPUIPlugin:80 - create IPUIPlugin
2024-10-01 08:23:13,292 [INFO] PluginManager:220 - loadIPPluginJar : add ts
2024-10-01 08:23:13,293 [INFO] IPUIPlugin:80 - create IPUIPlugin
2024-10-01 08:23:13,293 [INFO] PluginManager:220 - loadIPPluginJar : add comp
2024-10-01 08:23:13,293 [INFO] IPUIPlugin:80 - create IPUIPlugin
2024-10-01 08:23:13,294 [INFO] PluginManager:220 - loadIPPluginJar : add radio
2024-10-01 08:23:13,294 [INFO] IPUIPlugin:80 - create IPUIPlugin
2024-10-01 08:23:13,295 [INFO] PluginManager:220 - loadIPPluginJar : add cryp
2024-10-01 08:23:13,296 [INFO] IPUIPlugin:80 - create IPUIPlugin
2024-10-01 08:23:13,296 [INFO] PluginManager:220 - loadIPPluginJar : add extmemmanager
2024-10-01 08:23:13,296 [INFO] IPUIPlugin:80 - create IPUIPlugin
2024-10-01 08:23:13,296 [INFO] PluginManager:220 - loadIPPluginJar : add tim
2024-10-01 08:23:13,386 [INFO] CADModel:165 - CPN selected for project level
2024-10-01 08:23:13,386 [INFO] CADModel:114 - Register for checkConnection events
2024-10-01 08:23:13,387 [FATAL] Updater:334 - Updater called before beeing initialized
2024-10-01 08:23:13,387 [ERROR] CADModel:125 - Updater not yet initialized, retry later 
2024-10-01 08:23:13,454 [INFO] CADModel:165 - CPN selected for project level
2024-10-01 08:23:13,454 [INFO] CADModel:114 - Register for checkConnection events
2024-10-01 08:23:13,454 [FATAL] Updater:334 - Updater called before beeing initialized
2024-10-01 08:23:13,454 [ERROR] CADModel:125 - Updater not yet initialized, retry later 
2024-10-01 08:23:13,456 [FATAL] Updater:334 - Updater called before beeing initialized
2024-10-01 08:23:13,513 [FATAL] Updater:334 - Updater called before beeing initialized
2024-10-01 08:23:13,517 [INFO] DbMcusAds:53 - JSON generation date=Fri Sep 20 15:04:23 CEST 2024 (1726837463113)
2024-10-01 08:23:13,517 [FATAL] Updater:334 - Updater called before beeing initialized
2024-10-01 08:23:13,545 [WARN] DetailPanel:346 - Failed to get advertising image, set to default
2024-10-01 08:23:13,611 [FATAL] Updater:334 - Updater called before beeing initialized
2024-10-01 08:23:13,612 [FATAL] Updater:334 - Updater called before beeing initialized
2024-10-01 08:23:13,612 [FATAL] Updater:334 - Updater called before beeing initialized
2024-10-01 08:23:13,612 [WARN] DetailPanel:346 - Failed to get advertising image, set to default
2024-10-01 08:23:13,612 [FATAL] Updater:334 - Updater called before beeing initialized
2024-10-01 08:23:13,634 [ERROR] Updater:1164 - MainUpdater not yet initialized. External WinMGr cannot be set.
2024-10-01 08:23:13,635 [INFO] Updater:1100 - Updater Version found : 6.12.0
2024-10-01 08:23:13,648 [INFO] ApplicationProperties:184 - Using Application install path: /home/oliver/st/stm32cubeide_1.16.0/plugins/com.st.stm32cube.common.mx_6.12.0.202406281431
2024-10-01 08:23:13,996 [INFO] MainUpdater:2873 - connection check result : 10
2024-10-01 08:23:13,997 [INFO] MainUpdater:290 - Updater Check For Update Now.
2024-10-01 08:23:13,997 [INFO] MicroXplorer:498 - Change Database Version : DB.6.0.120
2024-10-01 08:23:14,000 [INFO] McuFinderGlobals:63 - Set McuFinder mode to 2 (CubeIDE integrated)
2024-10-01 08:23:14,000 [INFO] UserAuth:417 - Internet connection configuration mode: 1
2024-10-01 08:23:14,009 [INFO] JxBrowserEngine:152 - Initiate JxBrowser Engine with user profile folder
2024-10-01 08:23:14,167 [INFO] CheckServerUpdateThread:120 - End of CheckServer Thread
2024-10-01 08:23:14,486 [INFO] WebApp:167 - Instantiating new browser for Auth
2024-10-01 08:23:14,982 [INFO] WebApp:448 - Apply proxy settings
2024-10-01 08:23:14,983 [INFO] WebApp:533 - Chromium requires no authentication
2024-10-01 08:23:14,988 [INFO] WebApp:476 - Direct internet connection detected
2024-10-01 08:23:14,999 [INFO] WebApp:869 - Register for checkConnection events
2024-10-01 08:23:14,999 [INFO] WebApp:448 - Apply proxy settings
2024-10-01 08:23:14,999 [INFO] WebApp:533 - Chromium requires no authentication
2024-10-01 08:23:15,000 [INFO] WebApp:476 - Direct internet connection detected
2024-10-01 08:23:15,079 [INFO] WebApp:220 - Starting web application
2024-10-01 08:23:15,079 [INFO] WebApp:578 - Web application path used /home/oliver/st/stm32cubeide_1.16.0/plugins/com.st.stm32cube.common.mx_6.12.0.202406281431/db/plugins/mcufinder/reactClient1/index.html
2024-10-01 08:23:15,143 [INFO] UserAuth:417 - Internet connection configuration mode: 1
2024-10-01 08:23:15,281 [INFO] WebApp:186 - Connection restablished
2024-10-01 08:23:16,040 [WARN] PackLoader:240 - Cannot read IP mode file for STMicroelectronics.FP-SNS-MOTENVWB1.1.4.0
2024-10-01 08:23:16,060 [WARN] PackLoader:240 - Cannot read IP mode file for STMicroelectronics.X-CUBE-SMBUS.2.1.0
2024-10-01 08:23:16,107 [WARN] PackLoader:240 - Cannot read IP mode file for STMicroelectronics.X-CUBE-AZRTOS-F7.1.1.0
2024-10-01 08:23:16,201 [WARN] PackLoader:240 - Cannot read IP mode file for STMicroelectronics.X-CUBE-MEMS1.11.0.0
2024-10-01 08:23:16,411 [WARN] PackLoader:240 - Cannot read IP mode file for STMicroelectronics.FP-SNS-FLIGHT1.5.0.2
2024-10-01 08:23:16,421 [WARN] PackLoader:240 - Cannot read IP mode file for STMicroelectronics.X-CUBE-DISPLAY.3.0.0
2024-10-01 08:23:16,433 [WARN] PackLoader:240 - Cannot read IP mode file for STMicroelectronics.X-CUBE-BLE1.7.0.0
2024-10-01 08:23:16,441 [WARN] PackLoader:240 - Cannot read IP mode file for STMicroelectronics.X-CUBE-NFC10.1.0.0
2024-10-01 08:23:16,449 [WARN] PackLoader:240 - Cannot read IP mode file for emotas.I-CUBE-CANOPEN.1.3.0
2024-10-01 08:23:16,462 [WARN] PackLoader:240 - Cannot read IP mode file for STMicroelectronics.X-CUBE-BLEMGR.3.1.0
2024-10-01 08:23:16,470 [WARN] PackLoader:240 - Cannot read IP mode file for STMicroelectronics.FP-SNS-SMARTAG2.1.2.0
2024-10-01 08:23:16,481 [INFO] LogOutputStream:77 - [STDOUT_REDIRECT] 1 : Invalid condition id : UX_CORESTACK_Condition cause : null
2024-10-01 08:23:16,483 [INFO] LogOutputStream:77 - [STDOUT_REDIRECT] 1 : Invalid condition id : UX_CORESTACK_Condition cause : null
2024-10-01 08:23:16,483 [INFO] LogOutputStream:77 - [STDOUT_REDIRECT] 1 : Invalid condition id : UX_CORESTACK_Condition cause : null
2024-10-01 08:23:16,484 [INFO] LogOutputStream:77 - [STDOUT_REDIRECT] 1 : Invalid condition id : UX_CORESTACK_Condition cause : null
2024-10-01 08:23:16,484 [INFO] LogOutputStream:77 - [STDOUT_REDIRECT] 1 : Invalid condition id : UX_CORESTACK_Condition cause : null
2024-10-01 08:23:16,489 [WARN] PackLoader:240 - Cannot read IP mode file for STMicroelectronics.X-CUBE-AZRTOS-WL.2.0.0
2024-10-01 08:23:16,496 [WARN] PackLoader:240 - Cannot read IP mode file for STMicroelectronics.FP-SNS-MOTENV1.5.0.0
2024-10-01 08:23:16,501 [WARN] PackLoader:240 - Cannot read IP mode file for wolfSSL.I-CUBE-wolfMQTT.1.19.0
2024-10-01 08:23:16,511 [WARN] PackLoader:240 - Cannot read IP mode file for WES.I-CUBE-Cesium.1.3.0
2024-10-01 08:23:16,516 [WARN] PackLoader:240 - Cannot read IP mode file for STMicroelectronics.X-CUBE-BLE2.3.3.0
2024-10-01 08:23:16,522 [WARN] PackLoader:240 - Cannot read IP mode file for STMicroelectronics.X-CUBE-NFC9.1.0.0
2024-10-01 08:23:16,531 [WARN] PackLoader:240 - Cannot read IP mode file for STMicroelectronics.X-CUBE-TCPP.4.1.0
2024-10-01 08:23:16,548 [WARN] PackLoader:240 - Cannot read IP mode file for STMicroelectronics.X-CUBE-AZRTOS-G0.1.1.0
2024-10-01 08:23:16,557 [WARN] PackLoader:240 - Cannot read IP mode file for STMicroelectronics.X-CUBE-SAFEA1.1.2.2
2024-10-01 08:23:16,565 [WARN] PackLoader:240 - Cannot read IP mode file for STMicroelectronics.X-CUBE-NFC4.3.0.0
2024-10-01 08:23:16,576 [WARN] PackLoader:240 - Cannot read IP mode file for EmbeddedOffice.I-CUBE-FS-RTOS.1.0.1
2024-10-01 08:23:16,576 [ERROR] ConditionMgr:805 - Attr not supported : Dmpu
2024-10-01 08:23:16,577 [ERROR] ConditionMgr:805 - Attr not supported : Dmpu
2024-10-01 08:23:16,577 [ERROR] ConditionMgr:805 - Attr not supported : Dmpu
2024-10-01 08:23:16,577 [ERROR] ConditionMgr:805 - Attr not supported : Dmpu
2024-10-01 08:23:16,577 [ERROR] ConditionMgr:805 - Attr not supported : Dmpu
2024-10-01 08:23:16,577 [ERROR] ConditionMgr:805 - Attr not supported : Dmpu
2024-10-01 08:23:16,577 [ERROR] ConditionMgr:805 - Attr not supported : Dmpu
2024-10-01 08:23:16,577 [ERROR] ConditionMgr:805 - Attr not supported : Dmpu
2024-10-01 08:23:16,577 [ERROR] ConditionMgr:805 - Attr not supported : Dmpu
2024-10-01 08:23:16,578 [ERROR] ConditionMgr:805 - Attr not supported : Dmpu
2024-10-01 08:23:16,578 [ERROR] ConditionMgr:805 - Attr not supported : Dmpu
2024-10-01 08:23:16,578 [ERROR] ConditionMgr:805 - Attr not supported : Dmpu
2024-10-01 08:23:16,578 [ERROR] ConditionMgr:805 - Attr not supported : Dmpu
2024-10-01 08:23:16,578 [ERROR] ConditionMgr:805 - Attr not supported : Dmpu
2024-10-01 08:23:16,578 [ERROR] ConditionMgr:805 - Attr not supported : Dmpu
2024-10-01 08:23:16,578 [ERROR] ConditionMgr:805 - Attr not supported : Dmpu
2024-10-01 08:23:16,579 [ERROR] ConditionMgr:805 - Attr not supported : Dmpu
2024-10-01 08:23:16,579 [ERROR] ConditionMgr:805 - Attr not supported : Dmpu
2024-10-01 08:23:16,579 [ERROR] ConditionMgr:805 - Attr not supported : Dmpu
2024-10-01 08:23:16,579 [ERROR] ConditionMgr:805 - Attr not supported : Dmpu
2024-10-01 08:23:16,579 [ERROR] ConditionMgr:805 - Attr not supported : Dmpu
2024-10-01 08:23:16,579 [ERROR] ConditionMgr:805 - Attr not supported : Dmpu
2024-10-01 08:23:16,579 [ERROR] ConditionMgr:805 - Attr not supported : Dmpu
2024-10-01 08:23:16,579 [ERROR] ConditionMgr:805 - Attr not supported : Dmpu
2024-10-01 08:23:16,579 [ERROR] ConditionMgr:805 - Attr not supported : Dmpu
2024-10-01 08:23:16,580 [ERROR] ConditionMgr:805 - Attr not supported : Dmpu
2024-10-01 08:23:16,580 [ERROR] ConditionMgr:805 - Attr not supported : Dmpu
2024-10-01 08:23:16,580 [ERROR] ConditionMgr:805 - Attr not supported : Dmpu
2024-10-01 08:23:16,580 [ERROR] ConditionMgr:805 - Attr not supported : Dmpu
2024-10-01 08:23:16,580 [ERROR] ConditionMgr:805 - Attr not supported : Dmpu
2024-10-01 08:23:16,580 [ERROR] ConditionMgr:805 - Attr not supported : Dmpu
2024-10-01 08:23:16,580 [ERROR] ConditionMgr:805 - Attr not supported : Dmpu
2024-10-01 08:23:16,580 [ERROR] ConditionMgr:805 - Attr not supported : Dmpu
2024-10-01 08:23:16,580 [ERROR] ConditionMgr:805 - Attr not supported : Dmpu
2024-10-01 08:23:16,580 [ERROR] ConditionMgr:805 - Attr not supported : Dmpu
2024-10-01 08:23:16,580 [ERROR] ConditionMgr:805 - Attr not supported : Dmpu
2024-10-01 08:23:16,580 [ERROR] ConditionMgr:805 - Attr not supported : Dmpu
2024-10-01 08:23:16,580 [ERROR] ConditionMgr:805 - Attr not supported : Dmpu
2024-10-01 08:23:16,581 [ERROR] ConditionMgr:805 - Attr not supported : Dmpu
2024-10-01 08:23:16,581 [ERROR] ConditionMgr:805 - Attr not supported : Dmpu
2024-10-01 08:23:16,581 [ERROR] ConditionMgr:805 - Attr not supported : Dmpu
2024-10-01 08:23:16,581 [ERROR] ConditionMgr:805 - Attr not supported : Dmpu
2024-10-01 08:23:16,581 [ERROR] ConditionMgr:805 - Attr not supported : Dmpu
2024-10-01 08:23:16,581 [ERROR] ConditionMgr:805 - Attr not supported : Dmpu
2024-10-01 08:23:16,581 [ERROR] ConditionMgr:805 - Attr not supported : Dmpu
2024-10-01 08:23:16,581 [ERROR] ConditionMgr:805 - Attr not supported : Dmpu
2024-10-01 08:23:16,581 [ERROR] ConditionMgr:805 - Attr not supported : Dmpu
2024-10-01 08:23:16,581 [ERROR] ConditionMgr:805 - Attr not supported : Dmpu
2024-10-01 08:23:16,581 [ERROR] ConditionMgr:805 - Attr not supported : Dmpu
2024-10-01 08:23:16,581 [ERROR] ConditionMgr:805 - Attr not supported : Dmpu
2024-10-01 08:23:16,581 [ERROR] ConditionMgr:805 - Attr not supported : Dmpu
2024-10-01 08:23:16,581 [ERROR] ConditionMgr:805 - Attr not supported : Dmpu
2024-10-01 08:23:16,581 [ERROR] ConditionMgr:805 - Attr not supported : Dmpu
2024-10-01 08:23:16,582 [ERROR] ConditionMgr:805 - Attr not supported : Dmpu
2024-10-01 08:23:16,582 [ERROR] ConditionMgr:805 - Attr not supported : Dmpu
2024-10-01 08:23:16,582 [ERROR] ConditionMgr:805 - Attr not supported : Dmpu
2024-10-01 08:23:16,582 [ERROR] ConditionMgr:805 - Attr not supported : Dmpu
2024-10-01 08:23:16,582 [ERROR] ConditionMgr:805 - Attr not supported : Dmpu
2024-10-01 08:23:16,582 [ERROR] ConditionMgr:805 - Attr not supported : Dmpu
2024-10-01 08:23:16,582 [ERROR] ConditionMgr:805 - Attr not supported : Dmpu
2024-10-01 08:23:16,582 [ERROR] ConditionMgr:805 - Attr not supported : Dmpu
2024-10-01 08:23:16,582 [ERROR] ConditionMgr:805 - Attr not supported : Dmpu
2024-10-01 08:23:16,582 [ERROR] ConditionMgr:805 - Attr not supported : Dmpu
2024-10-01 08:23:16,582 [ERROR] ConditionMgr:805 - Attr not supported : Dmpu
2024-10-01 08:23:16,588 [WARN] PackLoader:240 - Cannot read IP mode file for RealThread.X-CUBE-RT-Thread_Nano.4.1.1
2024-10-01 08:23:16,593 [WARN] PackLoader:240 - Cannot read IP mode file for STMicroelectronics.FP-ATR-SIGFOX1.3.2.0
2024-10-01 08:23:16,598 [WARN] PackLoader:240 - Cannot read IP mode file for wolfSSL.I-CUBE-wolfSSL.5.7.2
2024-10-01 08:23:16,604 [WARN] PackLoader:240 - Cannot read IP mode file for STMicroelectronics.X-CUBE-EEPRMA1.5.1.0
2024-10-01 08:23:16,614 [WARN] PackLoader:240 - Cannot read IP mode file for ITTIA_DB.I-CUBE-ITTIADB.8.9.0
2024-10-01 08:23:16,653 [WARN] PackLoader:240 - Cannot read IP mode file for SEGGER.I-CUBE-embOS.1.3.1
2024-10-01 08:23:16,738 [WARN] PackLoader:240 - Cannot read IP mode file for STMicroelectronics.X-CUBE-ALGOBUILD.1.4.0
2024-10-01 08:23:16,754 [WARN] PackLoader:240 - Cannot read IP mode file for STMicroelectronics.X-CUBE-AZRTOS-F4.1.1.0
2024-10-01 08:23:16,759 [WARN] PackLoader:240 - Cannot read IP mode file for STMicroelectronics.X-CUBE-ISPU.2.1.0
2024-10-01 08:23:16,764 [WARN] PackLoader:240 - Cannot read IP mode file for STMicroelectronics.X-CUBE-FREERTOS.1.2.0
2024-10-01 08:23:16,777 [WARN] PackLoader:240 - Cannot read IP mode file for STMicroelectronics.X-CUBE-AZRTOS-L5.2.0.0
2024-10-01 08:23:16,784 [WARN] PackLoader:240 - Cannot read IP mode file for STMicroelectronics.X-CUBE-NFC6.3.1.0
2024-10-01 08:23:16,790 [WARN] PackLoader:240 - Cannot read IP mode file for STMicroelectronics.X-CUBE-DPower.1.2.0
2024-10-01 08:23:16,793 [WARN] PackLoader:240 - Cannot read IP mode file for STMicroelectronics.X-CUBE-AI.9.0.0
2024-10-01 08:23:16,797 [WARN] PackLoader:240 - Cannot read IP mode file for STMicroelectronics.X-CUBE-NFC7.1.0.1
2024-10-01 08:23:16,810 [WARN] ConditionMgr:438 - getConditionDescription Invalid condition id : LAN8742 Phy interface Condition cause : null
2024-10-01 08:23:16,810 [WARN] PackLoader:240 - Cannot read IP mode file for STMicroelectronics.X-CUBE-AZRTOS-L4.2.0.0
2024-10-01 08:23:16,812 [WARN] ConditionMgr:1039 - genDependencies : Invalid condition id : LAN8742 Phy interface Condition cause : null
2024-10-01 08:23:16,812 [WARN] ConditionMgr:1039 - genDependencies : Invalid condition id : LAN8742 Phy interface Condition cause : null
2024-10-01 08:23:16,812 [WARN] ConditionMgr:1039 - genDependencies : Invalid condition id : LAN8742 Phy interface Condition cause : null
2024-10-01 08:23:16,818 [WARN] PackLoader:240 - Cannot read IP mode file for STMicroelectronics.X-CUBE-SFXS2LP1.4.0.0
2024-10-01 08:23:16,833 [WARN] PackLoader:240 - Cannot read IP mode file for STMicroelectronics.X-CUBE-AZRTOS-H7.3.3.0
2024-10-01 08:23:16,844 [WARN] ConditionMgr:438 - getConditionDescription Invalid condition id : UX DEVICE CLASS RTOS Condition cause : null
2024-10-01 08:23:16,844 [WARN] ConditionMgr:438 - getConditionDescription Invalid condition id : UX DEVICE CLASS RTOS Condition cause : null
2024-10-01 08:23:16,846 [WARN] PackLoader:240 - Cannot read IP mode file for STMicroelectronics.X-CUBE-AZRTOS-WB.2.0.0
2024-10-01 08:23:16,847 [WARN] ConditionMgr:1039 - genDependencies : Invalid condition id : UX DEVICE CLASS RTOS Condition cause : null
2024-10-01 08:23:16,847 [WARN] ConditionMgr:1039 - genDependencies : Invalid condition id : UX DEVICE CLASS RTOS Condition cause : null
2024-10-01 08:23:16,847 [WARN] ConditionMgr:1039 - genDependencies : Invalid condition id : UX DEVICE CLASS RTOS Condition cause : null
2024-10-01 08:23:16,848 [WARN] ConditionMgr:1039 - genDependencies : Invalid condition id : UX DEVICE CLASS RTOS Condition cause : null
2024-10-01 08:23:16,848 [WARN] ConditionMgr:1039 - genDependencies : Invalid condition id : UX DEVICE CLASS RTOS Condition cause : null
2024-10-01 08:23:16,852 [WARN] PackLoader:240 - Cannot read IP mode file for STMicroelectronics.X-CUBE-GNSS1.7.0.0
2024-10-01 08:23:16,862 [WARN] PackLoader:240 - Cannot read IP mode file for STMicroelectronics.FP-SNS-STBOX1.2.0.0
2024-10-01 08:23:16,876 [WARN] PackLoader:240 - Cannot read IP mode file for STMicroelectronics.X-CUBE-SUBG2.5.0.0
2024-10-01 08:23:16,887 [WARN] PackLoader:240 - Cannot read IP mode file for Cesanta.I-CUBE-Mongoose.7.13.0
2024-10-01 08:23:16,905 [WARN] PackLoader:240 - Cannot read IP mode file for STMicroelectronics.X-CUBE-AZRTOS-G4.2.0.0
2024-10-01 08:23:16,911 [WARN] PackLoader:240 - Cannot read IP mode file for STMicroelectronics.X-CUBE-ISPU.2.0.0
2024-10-01 08:23:16,915 [WARN] PackLoader:240 - Cannot read IP mode file for STMicroelectronics.X-CUBE-ALS.1.0.2
2024-10-01 08:23:16,920 [WARN] PackLoader:240 - Cannot read IP mode file for STMicroelectronics.X-CUBE-TOUCHGFX.4.24.0
2024-10-01 08:23:16,923 [WARN] PackLoader:240 - Cannot read IP mode file for STMicroelectronics.X-CUBE-TOUCHGFX.4.24.1
2024-10-01 08:23:16,926 [WARN] PackLoader:240 - Cannot read IP mode file for wolfSSL.I-CUBE-wolfTPM.3.4.0
2024-10-01 08:23:16,930 [WARN] PackLoader:240 - Cannot read IP mode file for portGmbH.I-Cube-SoM-uGOAL.1.1.0
2024-10-01 08:23:16,948 [WARN] PackLoader:240 - Cannot read IP mode file for STMicroelectronics.X-CUBE-AZRTOS-H7RS.1.0.0
2024-10-01 08:23:16,954 [WARN] PackLoader:240 - Cannot read IP mode file for STMicroelectronics.FP-ATR-ASTRA1.2.0.0
2024-10-01 08:23:16,965 [WARN] PackLoader:240 - Cannot read IP mode file for STMicroelectronics.X-CUBE-TOF1.3.4.2
2024-10-01 08:23:16,993 [WARN] PackLoader:240 - Cannot read IP mode file for Infineon.AIROC-Wi-Fi-Bluetooth-STM32.1.6.1
2024-10-01 08:23:17,000 [WARN] PackLoader:240 - Cannot read IP mode file for wolfSSL.I-CUBE-wolfSSH.1.4.17
2024-10-01 08:23:17,001 [INFO] ThirdParty:978 - Integrity check success = true
2024-10-01 08:23:17,001 [INFO] IntegrityCheckThread:100 - exiting critical section [integrity check]
2024-10-01 08:23:17,001 [INFO] IntegrityCheckThread:103 - End integrity checks thread
2024-10-01 08:24:35,946 [ERROR] LogOutputStream:75 - [STDERR_REDIRECT] 
